"Scenario","RetCode","LogLik","X.2LL","AIC","BIC","nParm","nObs","nSub","EpsShrinkage","Condition"
"cshot000",4,-820.37827,1640.75654,1658.75654,1683.22303,9,112,16,0.22642,NA
"cshot001 V-BodyWeight",4,-820.37826,1640.75652,1660.75652,1687.941509,10,112,16,0.22642,NA
"cshot002 Cl-BodyWeight",4,-820.37795,1640.7559,1660.7559,1687.940889,10,112,16,0.22641,NA
"cshot003 V-BodyWeight Cl-BodyWeight",4,-820.37793,1640.75586,1662.75586,1692.659348,11,112,16,0.22641,NA
"cshot004 V2-Gender",4,-819.28787,1638.57574,1658.57574,1685.760729,10,112,16,0.22568,NA
"cshot005 V-BodyWeight V2-Gender",4,-819.28786,1638.57572,1660.57572,1690.479208,11,112,16,0.22568,NA
"cshot006 Cl-BodyWeight V2-Gender",4,-819.28602,1638.57204,1660.57204,1690.475528,11,112,16,0.22568,NA
"cshot007 V-BodyWeight Cl-BodyWeight V2-Gender",4,-819.28601,1638.57202,1662.57202,1695.194006,12,112,16,0.22568,NA
"cshot008 Cl2-Gender",4,-819.22261,1638.44522,1658.44522,1685.630209,10,112,16,0.22641,NA
"cshot009 V-BodyWeight Cl2-Gender",4,-819.22259,1638.44518,1660.44518,1690.348668,11,112,16,0.22641,NA
"cshot010 Cl-BodyWeight Cl2-Gender",4,-819.22009,1638.44018,1660.44018,1690.343668,11,112,16,0.22641,NA
"cshot011 V-BodyWeight Cl-BodyWeight Cl2-Gender",4,-819.22008,1638.44016,1662.44016,1695.062146,12,112,16,0.22641,NA
"cshot012 V2-Gender Cl2-Gender",4,-818.14289,1636.28578,1658.28578,1688.189268,11,112,16,0.2256,NA
"cshot013 V-BodyWeight V2-Gender Cl2-Gender",4,-818.14287,1636.28574,1660.28574,1692.907726,12,112,16,0.2256,NA
"cshot014 Cl-BodyWeight V2-Gender Cl2-Gender",4,-818.14048,1636.28096,1660.28096,1692.902946,12,112,16,0.2256,NA
"cshot015 V-BodyWeight Cl-BodyWeight V2-Gender Cl2-Gender",4,-818.14046,1636.28092,1662.28092,1697.621405,13,112,16,0.2256,NA
