Scenario,RetCode,LogLik,-2LL,AIC,BIC,nParm,nObs,nSub,EpsShrinkage,Condition
cstep000 ,1,-632.7953,1265.5906,1283.5906,1308.05708984166,9,112,16,0.17312,NA
cstep001  V-BodyWeight,1,-624.4957,1248.9914,1268.9914,1296.17638871295,10,112,16,0.14399,NA
cstep002  Cl-BodyWeight,1,-617.27031,1234.54062,1254.54062,1281.72560871295,10,112,16,0.16215,NA
cstep003  V2-Gender,1,-632.66025,1265.3205,1285.3205,1312.50548871295,10,112,16,0.17189,NA
cstep004  Cl2-Gender,1,-630.43388,1260.86776,1280.86776,1308.05274871295,10,112,16,0.16058,NA
cstep005  V-BodyWeight Cl-BodyWeight,1,-608.64645,1217.2929,1239.2929,1269.19638758425,11,112,16,0.13174,NA
cstep006  Cl-BodyWeight V2-Gender,1,-617.2069,1234.4138,1256.4138,1286.31728758425,11,112,16,0.16146,NA
cstep007  Cl-BodyWeight Cl2-Gender,1,-614.80451,1229.60902,1251.60902,1281.51250758425,11,112,16,0.14777,NA
cstep008  V-BodyWeight Cl-BodyWeight V2-Gender,1,-608.59938,1217.19876,1241.19876,1273.82074645554,12,112,16,0.13134,NA
cstep009  V-BodyWeight Cl-BodyWeight Cl2-Gender,1,-606.23821,1212.47642,1236.47642,1269.09840645554,12,112,16,0.11973,NA
