"ReturnCode","LL","tvKa","tvV","tvCl","CEps","omega.nV.nV.","omega.nCl.nV.","omega.nCl.nCl.","omega.nKa.nV.","omega.nKa.nCl.","omega.nKa.nKa."
1,-172.918,1.25477563744101,0.438946684321376,0.0388742747859349,0.635534942967163,0.0145483701440926,0,0.0782663774008861,0,0,0.554459655467764
1,-160.256,2.02394552696708,0.457747423719397,0.041557013501028,0.607839775923405,0.0196173459439067,0,0.0264399360122651,0,0,0.673696884332369
1,-143.314,0.95434741623225,0.495399567074441,0.0473607291129087,0.558487110185192,0.00739513981471716,0,0.0212650085212874,0,0,0.221936182249061
1,-180.427,1.24127489849239,0.418067125489265,0.0356518739485118,0.674556229211498,0.0147521620569985,0,0.133469924640403,0,0,0.380721640563513
1,-167.398,1.96377511171095,0.452852235206202,0.0420704521812713,0.643059087189756,0.0175067935905465,0,0.0246613583540114,0,0,0.606799121445496
