Gender,Scenario,RetCode,LogLik,X.2LL,AIC,BIC,nParm,nObs,nSub,EpsShrinkage,Condition
female,dVdBodyWeight,1,-266.57139,533.14278,553.14278,572.060983,10,49,7,0.16163,NA
female,dCldBodyWeight,1,-262.52697,525.05394,545.05394,563.972143,10,49,7,0.17498,NA
female,dVdBodyWeight dCldBodyWeight,1,-257.81551,515.63102,537.63102,558.441043,11,49,7,0.14747,NA
male,dVdBodyWeight,1,-353.48331,706.96662,726.96662,748.397967,10,63,9,0.08923,NA
male,dCldBodyWeight,1,-349.2177,698.4354,718.4354,739.866747,10,63,9,0.10611,NA
male,dVdBodyWeight dCldBodyWeight,3,-344.98533,689.97066,711.97066,735.545142,11,63,9,0.0759,NA
