"Scenario","Source","ID","Sex","Age","Age1","nKa","nV","nCl"
"WorkFlow","FM",0,1,38,21,-0.0576853911492802,-0.122365674492894,0.450077029732626
"WorkFlow","FM",1,1,34,28,0.0361274999808853,0.0475658163272416,0.42208757256977
"WorkFlow","FM",2,0,34,27,-0.00583100563749099,-0.118889264641929,0.830365328068476
"WorkFlow","FM",3,0,20,40,0.0511582518484883,-0.0302172512023756,0.729973729288628
"WorkFlow","FM",4,1,37,20,-0.0312941187888243,-0.0897731722737288,0.472823079437007
"WorkFlow","FM",5,1,37,20,-0.127427256280494,0.162324019740568,0.476352783979779
"WorkFlow","FM",6,1,32,22,-0.109710464428075,0.0970943807310864,0.477180864869508
"WorkFlow","FM",7,1,28,28,-0.0652475283571913,0.0782189347885332,0.57155102280675
"WorkFlow","FM",8,1,24,24,-0.0418794231811204,-0.0312350570053693,0.469761599897695
"WorkFlow","FM",9,1,28,37,0.0579296977208714,-0.107612580528605,0.698141340778688
"WorkFlow","FM",10,1,26,28,-0.0163248092394317,-0.164058124435448,0.508984805172861
"WorkFlow","FM",11,1,21,22,0.0475161092671367,-0.0948278379953114,0.548310104756757
"WorkFlow","FM",12,1,30,21,-0.0417488201253088,-0.190774361185586,0.574044675590335
"WorkFlow","FM",13,0,38,38,-0.0552597755580792,-0.0439725740502268,0.910455083519337
"WorkFlow","FM",14,0,31,37,0.032716741744853,-0.159643159238023,0.880172610125803
"WorkFlow","FM",15,1,28,34,0.0511771826622469,-0.0850690381382782,0.498961099198626
"WorkFlow","FM",16,1,32,33,-0.0827253978500544,0.028625326896189,0.243823631487329
"WorkFlow","FM",17,1,36,39,0.05709221015115,-0.0274644718701335,0.404145090672312
"WorkFlow","FM",18,0,22,26,0.191412347280656,-0.132451852234958,0.633492564335159
"WorkFlow","FM",19,0,24,38,0.0402031671965214,-0.110317443346417,0.714237867500508
"WorkFlow","FM",20,1,28,21,-0.0214058682136994,-0.145950191113574,0.396770075331796
"WorkFlow","FM",21,1,35,20,0.0547392806265528,0.115029260052929,0.601054655958715
"WorkFlow","FM",22,1,34,27,0.0260138782722782,0.0962038419908993,0.524488647043963
"WorkFlow","FM",23,0,32,28,0.035082367392956,-0.115142106822029,0.779434596043506
"WorkFlow","FM",24,1,27,30,-5.55160551302285e-05,-0.164518717514139,0.506406312062694
"WorkFlow","FM",25,1,29,28,-0.183158065917957,-0.216881945732755,0.469966006228081
"WorkFlow","FM",26,0,38,37,0.00946983311852988,-0.0192002494035707,0.580365228374393
"WorkFlow","FM",27,1,25,20,-0.0763501388790693,-0.0725502363202154,0.307975970281713
"WorkFlow","FM",28,0,37,27,-0.0243506600337473,-0.085312411795633,0.840924400725488
"WorkFlow","FM",29,0,39,38,0.00812249019529876,-0.0464234379123789,0.869644098889011
"WorkFlow","FM",30,1,35,29,-0.0112812532670253,-0.021414644297256,0.407936038520317
"WorkFlow","FM",31,1,27,32,-0.111598783808373,-0.048127826433073,0.418099380287499
"WorkFlow","FM",32,0,30,23,-0.00268206149289562,-0.0791711671875369,0.740226289845656
"WorkFlow","FM",33,1,36,34,-0.0100862541306987,-0.12218056139913,0.520696422942103
"WorkFlow","FM",34,1,30,33,0.010115908790969,-0.106664238756759,0.56982440073016
"WorkFlow","FM",35,0,23,32,-0.083495646403566,-0.0772318537615914,0.764901701263223
"WorkFlow","FM",36,1,22,38,0.0571724564559917,-0.123878200542073,0.354889076879103
"WorkFlow","FM",37,1,29,21,-0.0305309014331532,-0.0280287225688314,0.535619556087914
"WorkFlow","FM",38,0,40,38,-0.0897922176371693,-0.208448913328644,0.663898395169416
"WorkFlow","FM",39,1,37,38,0.0140261864538779,-0.251531928610357,0.439680683261669
"WorkFlow","FM",40,1,33,23,-0.00999553434031957,0.0186089268530186,0.619554314059451
"WorkFlow","FM",41,1,32,22,0.144886612558842,-0.0430906289955497,0.498250393912194
"WorkFlow","FM",42,0,28,31,0.0498208109163484,-0.182458548657054,0.645947880038141
"WorkFlow","FM",43,1,39,26,0.124650633169192,-0.175095065461344,0.299812694244306
"WorkFlow","FM",44,1,34,27,0.134636372509846,-0.0685221031630006,0.458429074884545
"WorkFlow","FM",45,1,22,30,0.0892350499592847,-0.0442541355900014,0.497739364857833
"WorkFlow","FM",46,1,30,27,-0.0954910252803566,0.0742225110127403,0.387586607648
"WorkFlow","FM",47,0,31,35,-0.0146416825824595,-0.109058700623373,0.768954016414492
"WorkFlow","FM",48,1,36,20,-0.00482966927589138,-0.308089702252504,0.405776190924766
"WorkFlow","FM",49,0,23,25,0.105470916374432,-0.117243363312971,0.989455913574703
"WorkFlow","FM",50,1,32,22,-0.0321497477542435,0.0350035336030931,0.489681505278931
"WorkFlow","FM",51,0,34,29,-0.0557382433247881,-0.227702468556772,0.650916913371037
"WorkFlow","FM",52,0,24,36,-0.0595602971519017,-0.0789850380222314,0.611100812219729
"WorkFlow","FM",53,1,40,34,-0.0107770233367719,-0.132168074675858,0.52225805582746
"WorkFlow","FM",54,1,25,20,0.0890885198722495,-0.0652770888498027,0.472005492384902
"WorkFlow","FM",55,1,38,20,-0.0395861424979315,-0.0424635525533486,0.436698709086099
"WorkFlow","FM",56,0,30,34,0.100264781126785,-0.121524301405497,0.635148682217201
"WorkFlow","FM",57,1,23,28,0.0751715523185262,-0.00720417068401425,0.531911233540466
"WorkFlow","FM",58,1,20,26,0.0189471292648285,-0.101011837536243,0.698255423881715
"WorkFlow","FM",59,1,38,29,-0.0247289043964465,0.0518744841334972,0.394778062699771
"WorkFlow","FM",60,0,24,32,-0.0664100287218602,-0.0552221908524959,0.678629884213905
"WorkFlow","FM",61,0,21,22,0.104010104661965,-0.0248888645506521,0.854312370765402
"WorkFlow","FM",62,1,40,37,-0.0388614864832025,-0.0283122241570105,0.453098231202926
"WorkFlow","FM",63,1,27,37,0.04077994963129,0.00970418038596843,0.432588749686079
"WorkFlow","FM",64,1,27,33,-0.065778792702952,-0.0184211392186626,0.437673485241887
"WorkFlow","FM",65,0,33,29,-0.0587818298659045,-0.0687812126109965,0.755916168157627
"WorkFlow","FM",66,0,26,22,-0.143212326628351,0.10019638090554,0.820700043890082
"WorkFlow","FM",67,1,39,21,-0.0469847412142105,-0.0938540873503223,0.299439915376689
"WorkFlow","FM",68,1,20,28,0.00955021880788193,-0.0620382393377117,0.331638440882532
"WorkFlow","FM",69,1,24,23,-0.0193203383550925,-0.169880027014228,0.498871009881486
"WorkFlow","FM",70,1,39,28,0.0251198284966687,0.0473943382771621,0.461523259270766
"WorkFlow","FM",71,1,34,31,0.0998466560611085,-0.0580062741131935,0.423549454996323
"WorkFlow","FM",72,1,29,33,-0.0734519930886567,0.093047190087786,0.389975873830907
"WorkFlow","FM",73,1,29,35,-0.0641635082603582,-0.075680635964764,0.474519169032466
"WorkFlow","FM",74,0,30,36,0.0639679445582228,-0.0774658878320132,0.825175842675454
"WorkFlow","FM",75,1,32,30,0.126023888920345,-0.0486359587345529,0.541029612192064
"WorkFlow","FM",76,1,26,24,-0.068581475239813,-0.151004394761128,0.507777119942154
"WorkFlow","FM",77,0,32,35,0.033055269850787,-0.0323346085597001,0.596995490757597
"WorkFlow","FM",78,0,33,29,-0.113119216329706,0.0645665168655305,0.593877859275506
"WorkFlow","FM",79,0,35,28,-0.0427433561430515,0.04278935223969,0.914153770386676
"WorkFlow","FM",80,1,28,26,-0.0586761575670398,-0.0857098091435734,0.540651846896906
"WorkFlow","FM",81,0,28,37,-0.00651193725477186,0.006200779012531,0.632703728396055
"WorkFlow","FM",82,1,33,36,-0.0251161284911053,-0.0655463900116612,0.519027689071302
"WorkFlow","FM",83,1,30,30,0.0566612095592399,0.0450234521600173,0.569902895644147
"WorkFlow","FM",84,1,37,32,-0.0809356890690911,-0.0153990662138084,0.491150924550155
"WorkFlow","FM",85,0,38,31,0.0663567926527483,-0.0751140945274423,0.765439252823391
"WorkFlow","FM",86,0,32,30,-0.192328958950834,-0.0534855619026951,0.744626554274653
"WorkFlow","FM",87,1,21,25,0.0292373454660655,-0.2455072818925,0.489533080799793
"WorkFlow","FM",88,1,27,28,-0.0501565974047642,-0.179446246609546,0.45100842922347
"WorkFlow","FM",89,1,33,34,0.0956988375739757,0.155920108421564,0.309493196025924
"WorkFlow","FM",90,0,31,25,0.0784835574517003,0.00985894394349467,0.885650181871161
"WorkFlow","FM",91,0,23,31,0.0884802067334306,-0.0876504846607373,0.676199184602319
"WorkFlow","FM",92,1,23,38,-0.00531478202455288,-0.210512247556192,0.529059355755893
"WorkFlow","FM",93,1,39,23,-0.0892407376997582,-0.0833466022134999,0.445401020982494
"WorkFlow","FM",94,0,37,36,-0.0647330863527854,0.0260210681411916,0.464473921383954
"WorkFlow","FM",95,0,35,25,-0.048454817303691,-0.0922892238930605,0.536104343088085
"WorkFlow","FM",96,1,35,21,-0.138400816698161,-0.0215344724738375,0.529780574882001
"WorkFlow","FM",97,0,20,32,-0.0940183848943503,0.050712768662958,0.771311102328875
"WorkFlow","FM",98,1,28,38,0.0316541519987243,0.000789618402802605,0.397211664392185
"WorkFlow","FM",99,1,36,37,0.103782824685512,-0.152141086829596,0.380473742994924
"WorkFlow","SM",0,1,27,22,-0.0400819879721044,-0.0648015432926085,-0.372516020356141
"WorkFlow","SM",1,1,27,40,0.0364473215642537,0.0945346430039235,-0.441150271333364
"WorkFlow","SM",2,0,20,20,0.00555803751886169,-0.0422526310608513,0.0185813989619178
"WorkFlow","SM",3,0,20,20,0.0240601874718235,0.0173447038750866,-0.112747624709713
"WorkFlow","SM",4,1,28,26,-0.0328148290614935,-0.0449100640884978,-0.382869720080161
"WorkFlow","SM",5,1,31,38,-0.137574060914611,0.208561746315369,-0.36893150639038
"WorkFlow","SM",6,1,24,39,-0.0917375944984981,0.151789145019437,-0.344336430973789
"WorkFlow","SM",7,1,30,25,-0.0656992801769611,0.144073810803247,-0.25460551727392
"WorkFlow","SM",8,1,39,26,-0.043678987257934,0.0132100367352683,-0.35858705459555
"WorkFlow","SM",9,1,39,27,0.0546576204381599,-0.0413102268095076,-0.130539519699571
"WorkFlow","SM",10,1,32,31,-0.00230433104465839,-0.110476990047073,-0.31637494763188
"WorkFlow","SM",11,1,40,29,0.04141973974786,-0.0417909899676145,-0.287296817045851
"WorkFlow","SM",12,1,39,33,0.0131119528559566,-0.116167023680521,-0.268415066817094
"WorkFlow","SM",13,0,39,29,-0.0688705904575493,0.0235385990456471,0.0738560519746588
"WorkFlow","SM",14,0,38,35,0.0188684083681928,-0.0944099444636522,0.0435995597604118
"WorkFlow","SM",15,1,30,31,0.0558646385776247,-0.0281862314133387,-0.323060055163021
"WorkFlow","SM",16,1,37,34,-0.0652273161685596,0.0695289851224354,-0.602875645807442
"WorkFlow","SM",17,1,29,22,0.0478564149202001,0.0114775860731169,-0.429093844146881
"WorkFlow","SM",18,0,20,39,0.187892172606254,-0.080078243420738,-0.198396948613301
"WorkFlow","SM",19,0,37,34,0.0168563826212537,-0.0717887439513033,-0.12107001156925
"WorkFlow","SM",20,1,32,32,-0.004018328120704,-0.089240443721485,-0.462149473021147
"WorkFlow","SM",21,1,26,33,0.039103868685265,0.169539893479707,-0.252732863656816
"WorkFlow","SM",22,1,27,29,0.0148625379349609,0.151418442649375,-0.32331086809736
"WorkFlow","SM",23,0,29,20,0.0725873850809367,-0.0349565773404264,-0.0488276618016737
"WorkFlow","SM",24,1,35,40,0.00863409607064349,-0.113865593251611,-0.307515453601043
"WorkFlow","SM",25,1,34,40,-0.150623046156045,-0.153990086244663,-0.383676706259833
"WorkFlow","SM",26,0,22,26,0.0182948382659318,0.0391891538709982,-0.276737057866804
"WorkFlow","SM",27,1,30,39,-0.0812984915466222,-0.0346723852744975,-0.565180977964943
"WorkFlow","SM",28,0,22,34,-0.0230252206295326,-0.0165165354447803,0.0175345525033025
"WorkFlow","SM",29,0,31,33,-0.0197312044312657,0.00878264527826321,-0.00437188625241416
"WorkFlow","SM",30,1,27,32,0.00228074788639273,0.0276102652487937,-0.427157818668898
"WorkFlow","SM",31,1,36,23,-0.0859453138944001,0.0059216250910785,-0.421726543952806
"WorkFlow","SM",32,0,35,23,-0.018268598161712,-0.0270289053833443,-0.104979399194512
"WorkFlow","SM",33,1,26,27,-0.00845527553373792,-0.0675787301018959,-0.316181601446697
"WorkFlow","SM",34,1,37,29,0.0438431644261461,-0.0357692322191049,-0.262060618384369
"WorkFlow","SM",35,0,38,31,-0.0622465417072044,-0.00845345376973075,-0.0742424206858576
"WorkFlow","SM",36,1,21,34,0.0565850007483373,-0.0876924348469762,-0.523775739918623
"WorkFlow","SM",37,1,26,34,-0.0411342774500713,0.0140927372583093,-0.306816980956163
"WorkFlow","SM",38,0,26,40,-0.0816002509697223,-0.152391367087676,-0.18412414624568
"WorkFlow","SM",39,1,26,29,0.0418301862560129,-0.194789863485645,-0.402527974418647
"WorkFlow","SM",40,1,28,20,-0.0346057851405899,0.0655102341914443,-0.226314410719318
"WorkFlow","SM",41,1,33,26,0.120163823323865,-0.00221049504786043,-0.349098440183463
"WorkFlow","SM",42,0,29,40,0.0462711633199264,-0.131434647698193,-0.209666057118231
"WorkFlow","SM",43,1,29,31,0.141689973516284,-0.122566148746335,-0.517891395702799
"WorkFlow","SM",44,1,34,24,0.120310527021802,-0.0271477264118013,-0.400545945526046
"WorkFlow","SM",45,1,39,32,0.0775372953709231,0.00228291418379373,-0.338378667688033
"WorkFlow","SM",46,1,40,20,-0.0908328110668228,0.123870266962258,-0.437432927152287
"WorkFlow","SM",47,0,32,23,-0.0146134181794123,-0.0465681745336187,-0.0656309818187201
"WorkFlow","SM",48,1,38,26,0.0129675991507543,-0.252348391488124,-0.451136578835002
"WorkFlow","SM",49,0,32,32,0.0806403949115938,-0.0579548852512644,0.161849842091862
"WorkFlow","SM",50,1,38,20,-0.0407104199784531,0.0867417828628753,-0.359636058090934
"WorkFlow","SM",51,0,27,30,-0.0332771943226671,-0.174980396439935,-0.145077352690669
"WorkFlow","SM",52,0,25,28,-0.0428812976086776,-0.0209025736425157,-0.245183492315973
"WorkFlow","SM",53,1,32,26,-0.0199254849773094,-0.0835700589096823,-0.326371762733727
"WorkFlow","SM",54,1,23,32,0.067521263230253,-0.031300640537277,-0.376147354187254
"WorkFlow","SM",55,1,32,32,-0.0335785344382136,0.00973686814024947,-0.390836812065823
"WorkFlow","SM",56,0,37,22,0.0932760556437217,-0.0788427158502798,-0.223074789551835
"WorkFlow","SM",57,1,32,37,0.0768148299000768,0.0513615376615034,-0.314349121052147
"WorkFlow","SM",58,1,35,26,0.0364283065036177,-0.0298059645766282,-0.129521561305457
"WorkFlow","SM",59,1,33,39,-0.0292272231679159,0.0915380087143355,-0.446094195931975
"WorkFlow","SM",60,0,39,33,-0.0416456585488611,0.00880108377393635,-0.159454203158838
"WorkFlow","SM",61,0,26,25,0.0936551998326799,0.0469737284945709,0.0227791358509821
"WorkFlow","SM",62,1,38,39,-0.0332836926167521,0.0288863539693951,-0.402999296206731
"WorkFlow","SM",63,1,40,27,0.0282123269743813,0.0479199170813548,-0.400289666748867
"WorkFlow","SM",64,1,40,29,-0.0750318260329756,0.0168590454925909,-0.406173926063637
"WorkFlow","SM",65,0,30,23,-0.0432168749231155,0.00103092222996707,-0.0601564570674171
"WorkFlow","SM",66,0,23,28,-0.129514561106754,0.17586700403108,0.00960988724501708
"WorkFlow","SM",67,1,24,21,-0.0117029689621362,-0.033212461994851,-0.55115184159574
"WorkFlow","SM",68,1,37,25,0.0210394178694437,-0.0167182533277371,-0.531789692783838
"WorkFlow","SM",69,1,37,26,-0.0184180965997674,-0.116716095974732,-0.357907099627213
"WorkFlow","SM",70,1,31,33,0.0130022571237738,0.0988793343545184,-0.412957965919691
"WorkFlow","SM",71,1,30,32,0.0858283640480985,-0.0252694244399749,-0.403636223949868
"WorkFlow","SM",72,1,20,24,-0.0759926554744074,0.137893694911771,-0.475473954141872
"WorkFlow","SM",73,1,36,34,-0.0165046915433312,-0.00503310919642702,-0.375980312449508
"WorkFlow","SM",74,0,28,21,0.0400189665816823,-0.0175431191734536,-0.00159476294651314
"WorkFlow","SM",75,1,23,35,0.0938953072280026,-0.0100647292179368,-0.312004429275891
"WorkFlow","SM",76,1,22,39,-0.0287943518615583,-0.078300581218834,-0.306695151069763
"WorkFlow","SM",77,0,21,31,0.031602049024716,0.0158922490020821,-0.236601233305744
"WorkFlow","SM",78,0,34,22,-0.103464180777094,0.118575511803067,-0.253707270063114
"WorkFlow","SM",79,0,32,25,-0.0276084349399056,0.127688191754692,0.0754831020608212
"WorkFlow","SM",80,1,20,28,-0.0816921883608832,-0.0359369713551389,-0.309420093632675
"WorkFlow","SM",81,0,24,26,-0.00442060139429132,0.0592272182317462,-0.204169070383714
"WorkFlow","SM",82,1,26,27,-0.0220774223436429,-0.0184620565004649,-0.336722165976659
"WorkFlow","SM",83,1,40,31,0.0270918749700543,0.0873369706461609,-0.266047328282935
"WorkFlow","SM",84,1,27,25,-0.0695602765094937,0.0365313083743255,-0.340339028047722
"WorkFlow","SM",85,0,36,27,0.0578645593961556,-0.0260495109820519,-0.0788009860356321
"WorkFlow","SM",86,0,29,23,-0.16382234805109,0.0167384239499,-0.103367652262167
"WorkFlow","SM",87,1,35,35,0.0768413234517312,-0.171415363791094,-0.336488803993021
"WorkFlow","SM",88,1,25,34,-0.0382154295971651,-0.118163678845258,-0.380170512097714
"WorkFlow","SM",89,1,29,27,0.0915084882736575,0.196930150930493,-0.517962541824419
"WorkFlow","SM",90,0,32,24,0.0507772603908099,0.0683759630389529,0.052343887171651
"WorkFlow","SM",91,0,27,21,0.0792720463119317,-0.0370547541212554,-0.153369284126847
"WorkFlow","SM",92,1,39,20,0.0110483810469115,-0.155103848836777,-0.305102995700242
"WorkFlow","SM",93,1,29,32,-0.0923184508979692,-0.0404720484148623,-0.38763267258218
"WorkFlow","SM",94,0,35,36,-0.0608974013955536,0.0727736232028237,-0.388265620301794
"WorkFlow","SM",95,0,28,32,-0.0281889839936356,-0.0351272232245447,-0.31359705818071
"WorkFlow","SM",96,1,38,38,-0.123789263593849,0.034818167233213,-0.334100395209465
"WorkFlow","SM",97,0,27,33,-0.112364935703798,0.0980748871839974,-0.0911205321179236
"WorkFlow","SM",98,1,38,33,0.033005143119179,0.044468022438762,-0.438518579017362
"WorkFlow","SM",99,1,40,27,0.106801363295011,-0.10209680244819,-0.44899865067439
