"Scenario","Source","ID","nKa","nV","nCl"
"WorkFlow","FM",0,-0.0285235,-0.0871069,0.474638
"WorkFlow","FM",1,0.0306413,0.0490226,0.423875
"WorkFlow","FM",2,-0.0513283,-0.044124,0.907924
"WorkFlow","FM",3,0.0510766,-0.0311018,0.729248
"WorkFlow","FM",4,-0.00813346,-0.0699594,0.487004
"WorkFlow","FM",5,-0.127411,0.1623,0.476325
"WorkFlow","FM",6,-0.108854,0.0968043,0.476855
"WorkFlow","FM",7,-0.0593134,0.0791954,0.5725
"WorkFlow","FM",8,-0.0780246,-0.0134665,0.491802
"WorkFlow","FM",9,-0.0221933,-0.0768153,0.744261
"WorkFlow","FM",10,-0.0124686,-0.156192,0.512541
"WorkFlow","FM",11,0.0184595,-0.104902,0.542871
"WorkFlow","FM",12,-0.0415666,-0.190528,0.574029
"WorkFlow","FM",13,-0.0552471,-0.0439731,0.910447
"WorkFlow","FM",14,-0.00641411,-0.130778,0.913402
"WorkFlow","FM",15,0.028236,-0.0777948,0.506013
"WorkFlow","FM",16,-0.0756481,0.0334793,0.246292
"WorkFlow","FM",17,0.0226349,0.0308573,0.451762
"WorkFlow","FM",18,0.189592,-0.13178,0.634093
"WorkFlow","FM",19,-0.0285343,-0.0775248,0.746638
"WorkFlow","FM",20,-0.00695404,-0.145993,0.395406
"WorkFlow","FM",21,0.0507296,0.113806,0.600655
"WorkFlow","FM",22,0.0252853,0.0954818,0.52381
"WorkFlow","FM",23,0.0469069,-0.02724,0.858237
"WorkFlow","FM",24,-0.01217,-0.156922,0.5122
"WorkFlow","FM",25,-0.182716,-0.216618,0.470103
"WorkFlow","FM",26,-0.00935679,0.0114036,0.613538
"WorkFlow","FM",27,-0.0706637,-0.0735797,0.308276
"WorkFlow","FM",28,0.00990629,-0.0450033,0.87003
"WorkFlow","FM",29,0.0109052,-0.0441838,0.870288
"WorkFlow","FM",30,-0.00258178,0.0343396,0.458875
"WorkFlow","FM",31,-0.0584502,0.0267933,0.463955
"WorkFlow","FM",32,-0.043158,-0.0732614,0.751722
"WorkFlow","FM",33,-0.0314775,-0.13211,0.521733
"WorkFlow","FM",34,-0.0589057,-0.079942,0.609875
"WorkFlow","FM",35,-0.0705859,-0.0749464,0.760464
"WorkFlow","FM",36,0.0711964,-0.132654,0.345375
"WorkFlow","FM",37,0.0433705,-0.00920513,0.535689
"WorkFlow","FM",38,-0.08832,-0.206232,0.665461
"WorkFlow","FM",39,0.00600476,-0.265265,0.432421
"WorkFlow","FM",40,-0.00998068,0.0180907,0.619175
"WorkFlow","FM",41,0.105719,-0.0233608,0.516595
"WorkFlow","FM",42,0.0358532,-0.168198,0.660452
"WorkFlow","FM",43,0.121837,-0.172959,0.30211
"WorkFlow","FM",44,0.129533,-0.064771,0.463497
"WorkFlow","FM",45,0.0810598,-0.0119934,0.52703
"WorkFlow","FM",46,-0.0898758,0.108575,0.41183
"WorkFlow","FM",47,-0.0114009,-0.104345,0.771604
"WorkFlow","FM",48,-0.00417048,-0.306106,0.406966
"WorkFlow","FM",49,0.105471,-0.117243,0.989456
"WorkFlow","FM",50,0.0203457,0.0894975,0.519702
"WorkFlow","FM",51,-0.0846735,-0.210748,0.662287
"WorkFlow","FM",52,-0.059518,-0.0789344,0.611106
"WorkFlow","FM",53,-0.00861992,-0.130725,0.5242
"WorkFlow","FM",54,0.0905091,-0.036742,0.500003
"WorkFlow","FM",55,-0.0375477,-0.026433,0.454163
"WorkFlow","FM",56,0.106215,-0.110306,0.649201
"WorkFlow","FM",57,0.0721691,0.00208442,0.538548
"WorkFlow","FM",58,-0.00753863,-0.0886093,0.719496
"WorkFlow","FM",59,-0.0264222,0.0528377,0.395505
"WorkFlow","FM",60,-0.0686546,-0.0507171,0.682756
"WorkFlow","FM",61,0.078226,0.00972009,0.885586
"WorkFlow","FM",62,-0.0398741,-0.0256569,0.456753
"WorkFlow","FM",63,0.0120766,0.0393737,0.460227
"WorkFlow","FM",64,-0.0531472,0.0302181,0.466677
"WorkFlow","FM",65,-0.0542965,-0.0717385,0.754977
"WorkFlow","FM",66,-0.143212,0.100196,0.8207
"WorkFlow","FM",67,-0.0504148,-0.0840087,0.305342
"WorkFlow","FM",68,0.00696106,-0.0500726,0.340863
"WorkFlow","FM",69,-0.0130594,-0.14986,0.515112
"WorkFlow","FM",70,0.0105516,0.043606,0.463851
"WorkFlow","FM",71,0.0949691,-0.0571842,0.424567
"WorkFlow","FM",72,-0.0773096,0.0951219,0.39385
"WorkFlow","FM",73,-0.115625,-0.0318825,0.520306
"WorkFlow","FM",74,0.0452195,-0.0169906,0.877674
"WorkFlow","FM",75,0.1191,-0.0463761,0.544025
"WorkFlow","FM",76,-0.0648887,-0.151448,0.508582
"WorkFlow","FM",77,-0.0052847,0.0018584,0.628117
"WorkFlow","FM",78,-0.104632,0.0650869,0.592307
"WorkFlow","FM",79,-0.0420087,0.0425892,0.913981
"WorkFlow","FM",80,-0.048342,-0.0661961,0.555236
"WorkFlow","FM",81,-0.00663975,0.00665058,0.631868
"WorkFlow","FM",82,-0.0129559,-0.0627211,0.518461
"WorkFlow","FM",83,0.05868,0.0362482,0.563402
"WorkFlow","FM",84,-0.0781056,-0.00108817,0.50325
"WorkFlow","FM",85,0.0557903,-0.0336605,0.802756
"WorkFlow","FM",86,-0.192246,-0.0533542,0.744687
"WorkFlow","FM",87,0.0046839,-0.220641,0.517621
"WorkFlow","FM",88,-0.0507082,-0.173101,0.457046
"WorkFlow","FM",89,0.095672,0.155901,0.309483
"WorkFlow","FM",90,0.0772813,0.0101207,0.885895
"WorkFlow","FM",91,0.0689892,-0.05,0.711236
"WorkFlow","FM",92,-0.00324734,-0.212653,0.526713
"WorkFlow","FM",93,-0.0805706,-0.022335,0.4865
"WorkFlow","FM",94,-0.041478,0.0359957,0.469966
"WorkFlow","FM",95,-0.0456709,-0.0715205,0.552204
"WorkFlow","FM",96,-0.127906,0.0130662,0.555414
"WorkFlow","FM",97,-0.143209,0.100189,0.820693
"WorkFlow","FM",98,0.0353747,0.0431264,0.420255
"WorkFlow","FM",99,0.0999874,-0.14601,0.38669
"WorkFlow","SM",0,-0.0625324,-0.0706556,-0.378213
"WorkFlow","SM",1,0.0344155,0.0939121,-0.44152
"WorkFlow","SM",2,-0.00748877,-0.0246122,0.0210812
"WorkFlow","SM",3,0.040342,-0.0346797,-0.133108
"WorkFlow","SM",4,-0.0590925,-0.0410955,-0.389101
"WorkFlow","SM",5,-0.13683,0.207262,-0.370028
"WorkFlow","SM",6,-0.091537,0.154216,-0.348303
"WorkFlow","SM",7,-0.0481189,0.147292,-0.255227
"WorkFlow","SM",8,-0.0864813,-0.0375368,-0.38747
"WorkFlow","SM",9,0.048606,-0.0430084,-0.135579
"WorkFlow","SM",10,-0.00290318,-0.110298,-0.319201
"WorkFlow","SM",11,-0.00968092,-0.0938791,-0.320198
"WorkFlow","SM",12,0.0237838,-0.157086,-0.311626
"WorkFlow","SM",13,-0.0602573,0.017398,0.0656758
"WorkFlow","SM",14,0.0188622,-0.0943875,0.0435893
"WorkFlow","SM",15,0.0303771,-0.0463436,-0.339659
"WorkFlow","SM",16,-0.0651747,0.0695712,-0.602847
"WorkFlow","SM",17,-0.0402948,0.00699961,-0.429706
"WorkFlow","SM",18,0.206088,-0.0882609,-0.218247
"WorkFlow","SM",19,0.0392652,-0.0474204,-0.127333
"WorkFlow","SM",20,0.0275318,-0.0940249,-0.468606
"WorkFlow","SM",21,-0.00339364,0.158044,-0.254789
"WorkFlow","SM",22,-0.00570021,0.14712,-0.330009
"WorkFlow","SM",23,0.0700776,-0.0314772,-0.0521578
"WorkFlow","SM",24,0.0118077,-0.122736,-0.319789
"WorkFlow","SM",25,-0.15008,-0.154034,-0.38375
"WorkFlow","SM",26,0.0249724,0.0147421,-0.312841
"WorkFlow","SM",27,-0.0718578,-0.0344332,-0.563294
"WorkFlow","SM",28,0.00735769,-0.00160401,0.0222168
"WorkFlow","SM",29,0.0894405,0.0365209,0.0133003
"WorkFlow","SM",30,-0.0458065,0.0151595,-0.427683
"WorkFlow","SM",31,-0.0637467,0.00901739,-0.425146
"WorkFlow","SM",32,0.0231763,-0.0325318,-0.118271
"WorkFlow","SM",33,-0.0454601,-0.0992307,-0.340151
"WorkFlow","SM",34,-0.00182388,-0.0945995,-0.307003
"WorkFlow","SM",35,-0.0443559,-0.0131096,-0.0798895
"WorkFlow","SM",36,0.154518,-0.133792,-0.566363
"WorkFlow","SM",37,-0.011553,-0.00553736,-0.331805
"WorkFlow","SM",38,-0.0877785,-0.166354,-0.201935
"WorkFlow","SM",39,0.0129422,-0.252314,-0.451108
"WorkFlow","SM",40,-0.00372458,0.0613836,-0.22706
"WorkFlow","SM",41,0.117157,-0.00685383,-0.35633
"WorkFlow","SM",42,0.11319,-0.113715,-0.214832
"WorkFlow","SM",43,0.147183,-0.127331,-0.538039
"WorkFlow","SM",44,0.112555,-0.0540909,-0.417539
"WorkFlow","SM",45,0.10607,-0.00584976,-0.351684
"WorkFlow","SM",46,-0.0846535,0.12685,-0.451461
"WorkFlow","SM",47,0.022043,-0.0390627,-0.0719162
"WorkFlow","SM",48,0.0129673,-0.252348,-0.451136
"WorkFlow","SM",49,0.0806227,-0.0579453,0.161859
"WorkFlow","SM",50,-0.0591124,0.0340536,-0.407281
"WorkFlow","SM",51,-0.0366575,-0.192142,-0.159622
"WorkFlow","SM",52,-0.0105892,-0.0255949,-0.262748
"WorkFlow","SM",53,-0.0684123,-0.111609,-0.349557
"WorkFlow","SM",54,0.1022,-0.0275429,-0.384784
"WorkFlow","SM",55,-0.0692114,-0.00896531,-0.414254
"WorkFlow","SM",56,0.196137,-0.0918387,-0.222107
"WorkFlow","SM",57,0.0822178,0.00557016,-0.340952
"WorkFlow","SM",58,0.0482187,-0.0413738,-0.135457
"WorkFlow","SM",59,0.0137593,0.0986235,-0.442279
"WorkFlow","SM",60,-0.0593968,0.0101508,-0.154441
"WorkFlow","SM",61,0.101094,0.0500231,0.0242561
"WorkFlow","SM",62,-0.0609369,0.00895571,-0.425366
"WorkFlow","SM",63,-0.0503721,0.0115858,-0.426733
"WorkFlow","SM",64,-0.0661527,0.00807735,-0.42462
"WorkFlow","SM",65,-0.0406526,-0.0142363,-0.0769012
"WorkFlow","SM",66,-0.142463,0.193403,0.0105258
"WorkFlow","SM",67,-0.0448558,-0.0339137,-0.557838
"WorkFlow","SM",68,-0.0295299,-0.0336215,-0.554753
"WorkFlow","SM",69,-0.121112,-0.144999,-0.376665
"WorkFlow","SM",70,0.0262713,0.0864893,-0.439548
"WorkFlow","SM",71,0.10175,-0.0530653,-0.417954
"WorkFlow","SM",72,-0.0873862,0.139685,-0.482846
"WorkFlow","SM",73,-0.0728499,-0.0384673,-0.390269
"WorkFlow","SM",74,0.0669485,0.0275189,0.0195102
"WorkFlow","SM",75,0.0610938,-0.0288975,-0.334748
"WorkFlow","SM",76,-0.0243014,-0.100476,-0.328089
"WorkFlow","SM",77,0.00422697,0.00245381,-0.24827
"WorkFlow","SM",78,-0.0536741,0.144797,-0.256966
"WorkFlow","SM",79,-0.0274969,0.138498,0.0817634
"WorkFlow","SM",80,-0.0984672,-0.114551,-0.362809
"WorkFlow","SM",81,-0.000795807,0.045016,-0.229807
"WorkFlow","SM",82,-0.0134495,-0.0375451,-0.35651
"WorkFlow","SM",83,0.0204255,0.047655,-0.303715
"WorkFlow","SM",84,-0.0921528,-0.0294246,-0.381695
"WorkFlow","SM",85,0.0410506,-0.0320493,-0.0839215
"WorkFlow","SM",86,-0.177353,0.0201297,-0.113467
"WorkFlow","SM",87,0.0727623,-0.170234,-0.334764
"WorkFlow","SM",88,-0.14565,-0.152569,-0.383311
"WorkFlow","SM",89,0.0904981,0.196139,-0.518466
"WorkFlow","SM",90,0.092603,0.0485743,0.0256848
"WorkFlow","SM",91,0.0735448,-0.0510433,-0.150769
"WorkFlow","SM",92,0.0457374,-0.162732,-0.322068
"WorkFlow","SM",93,-0.0885655,-0.0399513,-0.388992
"WorkFlow","SM",94,-0.0486528,0.0280957,-0.425997
"WorkFlow","SM",95,-0.0402737,-0.0808603,-0.347655
"WorkFlow","SM",96,-0.0977847,-0.0191792,-0.374299
"WorkFlow","SM",97,-0.150936,0.0516708,-0.104462
"WorkFlow","SM",98,-0.010373,0.0450806,-0.433404
"WorkFlow","SM",99,0.107325,-0.10062,-0.450809
