"Scenario","Source","ID","CovrName","StrName","Covr","Str"
"WorkFlow","FM",0,"Sex","Ka",1,0.755829212442754
"WorkFlow","FM",0,"Sex","V",1,4.10944648403318
"WorkFlow","FM",0,"Sex","Cl",1,1.58968600825132
"WorkFlow","FM",1,"Sex","Ka",1,0.830168201211099
"WorkFlow","FM",1,"Sex","V",1,4.87061316062248
"WorkFlow","FM",1,"Sex","Cl",1,1.54580847841143
"WorkFlow","FM",2,"Sex","Ka",0,0.796056232109321
"WorkFlow","FM",2,"Sex","V",0,4.12375746527752
"WorkFlow","FM",2,"Sex","Cl",0,1.77159275773441
"WorkFlow","FM",3,"Sex","Ka",0,0.842740502323793
"WorkFlow","FM",3,"Sex","V",0,4.50612132704122
"WorkFlow","FM",3,"Sex","Cl",0,1.60237580543146
"WorkFlow","FM",4,"Sex","Ka",1,0.776042055193212
"WorkFlow","FM",4,"Sex","V",1,4.24559020842007
"WorkFlow","FM",4,"Sex","Cl",1,1.62625945911577
"WorkFlow","FM",5,"Sex","Ka",1,0.704912425579077
"WorkFlow","FM",5,"Sex","V",1,5.46289046161525
"WorkFlow","FM",5,"Sex","Cl",1,1.63200981707843
"WorkFlow","FM",6,"Sex","Ka",1,0.717512499158562
"WorkFlow","FM",6,"Sex","V",1,5.11792149819621
"WorkFlow","FM",6,"Sex","Cl",1,1.63336181292351
"WorkFlow","FM",7,"Sex","Ka",1,0.750135085253356
"WorkFlow","FM",7,"Sex","V",1,5.02222445108664
"WorkFlow","FM",7,"Sex","Cl",1,1.79500985238218
"WorkFlow","FM",8,"Sex","Ka",1,0.767870738055985
"WorkFlow","FM",8,"Sex","V",1,4.50153730382401
"WorkFlow","FM",8,"Sex","Cl",1,1.62128831247068
"WorkFlow","FM",9,"Sex","Ka",1,0.848466438574424
"WorkFlow","FM",9,"Sex","V",1,4.17052295985694
"WorkFlow","FM",9,"Sex","Cl",1,2.03724993780526
"WorkFlow","FM",10,"Sex","Ka",1,0.787746252259421
"WorkFlow","FM",10,"Sex","V",1,3.94163611243734
"WorkFlow","FM",10,"Sex","Cl",1,1.68614404704075
"WorkFlow","FM",11,"Sex","Ka",1,0.839676704037175
"WorkFlow","FM",11,"Sex","V",1,4.22418431452081
"WorkFlow","FM",11,"Sex","Cl",1,1.75377322021226
"WorkFlow","FM",12,"Sex","Ka",1,0.767971030869975
"WorkFlow","FM",12,"Sex","V",1,3.83772467076861
"WorkFlow","FM",12,"Sex","Cl",1,1.79949156929768
"WorkFlow","FM",13,"Sex","Ka",0,0.757664788866151
"WorkFlow","FM",13,"Sex","V",0,4.44456252461667
"WorkFlow","FM",13,"Sex","Cl",0,1.91931578496312
"WorkFlow","FM",14,"Sex","Ka",0,0.827341521482403
"WorkFlow","FM",14,"Sex","V",0,3.95907677031413
"WorkFlow","FM",14,"Sex","Cl",0,1.86206537276655
"WorkFlow","FM",15,"Sex","Ka",1,0.842756456238299
"WorkFlow","FM",15,"Sex","V",1,4.26560908306416
"WorkFlow","FM",15,"Sex","Cl",1,1.66932705995651
"WorkFlow","FM",16,"Sex","Ka",1,0.737138231637408
"WorkFlow","FM",16,"Sex","V",1,4.77922952087623
"WorkFlow","FM",16,"Sex","Cl",1,1.29341126474524
"WorkFlow","FM",17,"Sex","Ka",1,0.847756155946743
"WorkFlow","FM",17,"Sex","V",1,4.51854277360564
"WorkFlow","FM",17,"Sex","Cl",1,1.51832017936904
"WorkFlow","FM",18,"Sex","Ka",0,0.969628665974621
"WorkFlow","FM",18,"Sex","V",0,4.06820620438629
"WorkFlow","FM",18,"Sex","Cl",0,1.45500049575009
"WorkFlow","FM",19,"Sex","Ka",0,0.833558594897268
"WorkFlow","FM",19,"Sex","V",0,4.15925750998867
"WorkFlow","FM",19,"Sex","Cl",0,1.57735839272553
"WorkFlow","FM",20,"Sex","Ka",1,0.783753818579859
"WorkFlow","FM",20,"Sex","V",1,4.01366114048653
"WorkFlow","FM",20,"Sex","Cl",1,1.50716373479665
"WorkFlow","FM",21,"Sex","Ka",1,0.845763790324895
"WorkFlow","FM",21,"Sex","V",1,5.21053886066018
"WorkFlow","FM",21,"Sex","Cl",1,1.84875815083609
"WorkFlow","FM",22,"Sex","Ka",1,0.821814508319332
"WorkFlow","FM",22,"Sex","V",1,5.11336581963803
"WorkFlow","FM",22,"Sex","Cl",1,1.71248945754072
"WorkFlow","FM",23,"Sex","Ka",0,0.829301018609885
"WorkFlow","FM",23,"Sex","V",0,4.13923882274102
"WorkFlow","FM",23,"Sex","Cl",0,1.68362342769132
"WorkFlow","FM",24,"Sex","Ka",1,0.80066714891893
"WorkFlow","FM",24,"Sex","V",1,3.93982104016218
"WorkFlow","FM",24,"Sex","Cl",1,1.68180193668928
"WorkFlow","FM",25,"Sex","Ka",1,0.666701731287606
"WorkFlow","FM",25,"Sex","V",1,3.73882754928002
"WorkFlow","FM",25,"Sex","Cl",1,1.62161974793773
"WorkFlow","FM",26,"Sex","Ka",0,0.808330221866462
"WorkFlow","FM",26,"Sex","V",0,4.55603974455446
"WorkFlow","FM",26,"Sex","Cl",0,1.37971768945749
"WorkFlow","FM",27,"Sex","Ka",1,0.741852690742528
"WorkFlow","FM",27,"Sex","V",1,4.31934505098312
"WorkFlow","FM",27,"Sex","Cl",1,1.37910599316001
"WorkFlow","FM",28,"Sex","Ka",0,0.781449221690425
"WorkFlow","FM",28,"Sex","V",0,4.26457107249811
"WorkFlow","FM",28,"Sex","Cl",0,1.79039824390477
"WorkFlow","FM",29,"Sex","Ka",0,0.807241857227239
"WorkFlow","FM",29,"Sex","V",0,4.43368284469513
"WorkFlow","FM",29,"Sex","Cl",0,1.84256343987358
"WorkFlow","FM",30,"Sex","Ka",1,0.791729330570669
"WorkFlow","FM",30,"Sex","V",1,4.54596203554042
"WorkFlow","FM",30,"Sex","Cl",1,1.52408697589168
"WorkFlow","FM",31,"Sex","Ka",1,0.716158884831099
"WorkFlow","FM",31,"Sex","V",1,4.42613256268499
"WorkFlow","FM",31,"Sex","Cl",1,1.53965577420691
"WorkFlow","FM",32,"Sex","Ka",0,0.798566919652978
"WorkFlow","FM",32,"Sex","V",0,4.29084143038455
"WorkFlow","FM",32,"Sex","Cl",0,1.61888876582859
"WorkFlow","FM",33,"Sex","Ka",1,0.792676011965974
"WorkFlow","FM",33,"Sex","V",1,4.11020726679875
"WorkFlow","FM",33,"Sex","Cl",1,1.70600761181937
"WorkFlow","FM",34,"Sex","Ka",1,0.808852633098529
"WorkFlow","FM",34,"Sex","V",1,4.17447991696752
"WorkFlow","FM",34,"Sex","Cl",1,1.79191322286711
"WorkFlow","FM",35,"Sex","Ka",0,0.736570670590349
"WorkFlow","FM",35,"Sex","V",0,4.29917079078881
"WorkFlow","FM",35,"Sex","Cl",0,1.65933244226474
"WorkFlow","FM",36,"Sex","Ka",1,0.847824187975288
"WorkFlow","FM",36,"Sex","V",1,4.10323553747169
"WorkFlow","FM",36,"Sex","Cl",1,1.44534574781802
"WorkFlow","FM",37,"Sex","Ka",1,0.776634570038511
"WorkFlow","FM",37,"Sex","V",1,4.51599390185749
"WorkFlow","FM",37,"Sex","Cl",1,1.73165750291103
"WorkFlow","FM",38,"Sex","Ka",0,0.731947371634908
"WorkFlow","FM",38,"Sex","V",0,3.77049052295277
"WorkFlow","FM",38,"Sex","Cl",0,1.49992044821637
"WorkFlow","FM",39,"Sex","Ka",1,0.812021663338456
"WorkFlow","FM",39,"Sex","V",1,3.611495996274
"WorkFlow","FM",39,"Sex","Cl",1,1.57324469461269
"WorkFlow","FM",40,"Sex","Ka",1,0.79274792662961
"WorkFlow","FM",40,"Sex","V",1,4.73159779354824
"WorkFlow","FM",40,"Sex","Cl",1,1.88327786147084
"WorkFlow","FM",41,"Sex","Ka",1,0.925549342390773
"WorkFlow","FM",41,"Sex","V",1,4.44848411361428
"WorkFlow","FM",41,"Sex","Cl",1,1.66814108188058
"WorkFlow","FM",42,"Sex","Ka",0,0.841614140070202
"WorkFlow","FM",42,"Sex","V",0,3.86977153283825
"WorkFlow","FM",42,"Sex","Cl",0,1.4732363169775
"WorkFlow","FM",43,"Sex","Ka",1,0.907008176999421
"WorkFlow","FM",43,"Sex","V",1,3.89837169968846
"WorkFlow","FM",43,"Sex","Cl",1,1.36789379664471
"WorkFlow","FM",44,"Sex","Ka",1,0.916110696289255
"WorkFlow","FM",44,"Sex","V",1,4.33677903763684
"WorkFlow","FM",44,"Sex","Cl",1,1.60301873784559
"WorkFlow","FM",45,"Sex","Ka",1,0.875448111154866
"WorkFlow","FM",45,"Sex","V",1,4.44331128290765
"WorkFlow","FM",45,"Sex","Cl",1,1.66728883110197
"WorkFlow","FM",46,"Sex","Ka",1,0.727788007324348
"WorkFlow","FM",46,"Sex","V",1,5.00219356649476
"WorkFlow","FM",46,"Sex","Cl",1,1.49338610538034
"WorkFlow","FM",47,"Sex","Ka",0,0.789073245411031
"WorkFlow","FM",47,"Sex","V",0,4.16449624152853
"WorkFlow","FM",47,"Sex","Cl",0,1.66607022284646
"WorkFlow","FM",48,"Sex","Ka",1,0.796853751386298
"WorkFlow","FM",48,"Sex","V",1,3.41290664322397
"WorkFlow","FM",48,"Sex","Cl",1,1.52079873263183
"WorkFlow","FM",49,"Sex","Ka",0,0.889777782276284
"WorkFlow","FM",49,"Sex","V",0,4.13055035184694
"WorkFlow","FM",49,"Sex","Cl",0,2.0770935620068
"WorkFlow","FM",50,"Sex","Ka",1,0.775378335121956
"WorkFlow","FM",50,"Sex","V",1,4.80980985483456
"WorkFlow","FM",50,"Sex","Cl",1,1.65390803451364
"WorkFlow","FM",51,"Sex","Ka",0,0.75730235739951
"WorkFlow","FM",51,"Sex","V",0,3.69858957102923
"WorkFlow","FM",51,"Sex","Cl",0,1.48057509556117
"WorkFlow","FM",52,"Sex","Ka",0,0.754413431358353
"WorkFlow","FM",52,"Sex","V",0,4.29164015544915
"WorkFlow","FM",52,"Sex","Cl",0,1.42278253970119
"WorkFlow","FM",53,"Sex","Ka",1,0.792128644860451
"WorkFlow","FM",53,"Sex","V",1,4.06936083383411
"WorkFlow","FM",53,"Sex","Cl",1,1.70867385070998
"WorkFlow","FM",54,"Sex","Ka",1,0.875319841064887
"WorkFlow","FM",54,"Sex","V",1,4.35087480580271
"WorkFlow","FM",54,"Sex","Cl",1,1.62493039382596
"WorkFlow","FM",55,"Sex","Ka",1,0.76963370189958
"WorkFlow","FM",55,"Sex","V",1,4.45127452801556
"WorkFlow","FM",55,"Sex","Cl",1,1.56856030739356
"WorkFlow","FM",56,"Sex","Ka",0,0.88515751610227
"WorkFlow","FM",56,"Sex","V",0,4.11290551667337
"WorkFlow","FM",56,"Sex","Cl",0,1.45741214452561
"WorkFlow","FM",57,"Sex","Ka",1,0.863222418212097
"WorkFlow","FM",57,"Sex","V",1,4.61102349128436
"WorkFlow","FM",57,"Sex","Cl",1,1.7252478502236
"WorkFlow","FM",58,"Sex","Ka",1,0.816027423479769
"WorkFlow","FM",58,"Sex","V",1,4.19814256473371
"WorkFlow","FM",58,"Sex","Cl",1,2.03748236685766
"WorkFlow","FM",59,"Sex","Ka",1,0.781153698821038
"WorkFlow","FM",59,"Sex","V",1,4.8916442902838
"WorkFlow","FM",59,"Sex","Cl",1,1.50416443391282
"WorkFlow","FM",60,"Sex","Ka",0,0.749263559615782
"WorkFlow","FM",60,"Sex","V",0,4.39484308602477
"WorkFlow","FM",60,"Sex","Cl",0,1.52218006596665
"WorkFlow","FM",61,"Sex","Ka",0,0.888478933388252
"WorkFlow","FM",61,"Sex","V",0,4.53019576577076
"WorkFlow","FM",61,"Sex","Cl",0,1.81452921387454
"WorkFlow","FM",62,"Sex","Ka",1,0.770191623717085
"WorkFlow","FM",62,"Sex","V",1,4.51471379187929
"WorkFlow","FM",62,"Sex","Cl",1,1.59449603232397
"WorkFlow","FM",63,"Sex","Ka",1,0.83403951553311
"WorkFlow","FM",63,"Sex","V",1,4.68965115408524
"WorkFlow","FM",63,"Sex","Cl",1,1.56212681795995
"WorkFlow","FM",64,"Sex","Ka",1,0.749736671069053
"WorkFlow","FM",64,"Sex","V",1,4.55959078466842
"WorkFlow","FM",64,"Sex","Cl",1,1.57009004803634
"WorkFlow","FM",65,"Sex","Ka",0,0.755000946185649
"WorkFlow","FM",65,"Sex","V",0,4.33565548278245
"WorkFlow","FM",65,"Sex","Cl",0,1.64448924257232
"WorkFlow","FM",66,"Sex","Ka",0,0.69387269405008
"WorkFlow","FM",66,"Sex","V",0,5.13382194041368
"WorkFlow","FM",66,"Sex","Cl",0,1.75455229340423
"WorkFlow","FM",67,"Sex","Ka",1,0.763960503717959
"WorkFlow","FM",67,"Sex","V",1,4.22829962003716
"WorkFlow","FM",67,"Sex","Cl",1,1.36738396977642
"WorkFlow","FM",68,"Sex","Ka",1,0.808395202660298
"WorkFlow","FM",68,"Sex","V",1,4.36498947985849
"WorkFlow","FM",68,"Sex","Cl",1,1.41212820090734
"WorkFlow","FM",69,"Sex","Ka",1,0.785390066198875
"WorkFlow","FM",69,"Sex","V",1,3.91875496153428
"WorkFlow","FM",69,"Sex","Cl",1,1.6691766781956
"WorkFlow","FM",70,"Sex","Ka",1,0.821080093593157
"WorkFlow","FM",70,"Sex","V",1,4.86977802898043
"WorkFlow","FM",70,"Sex","Cl",1,1.607986454948
"WorkFlow","FM",71,"Sex","Ka",1,0.884787486922344
"WorkFlow","FM",71,"Sex","V",1,4.38262449363716
"WorkFlow","FM",71,"Sex","Cl",1,1.54806992123985
"WorkFlow","FM",72,"Sex","Ka",1,0.744005806509963
"WorkFlow","FM",72,"Sex","V",1,5.09725015284925
"WorkFlow","FM",72,"Sex","Cl",1,1.49695846826343
"WorkFlow","FM",73,"Sex","Ka",1,0.750948687662119
"WorkFlow","FM",73,"Sex","V",1,4.30584491620383
"WorkFlow","FM",73,"Sex","Cl",1,1.62902008133341
"WorkFlow","FM",74,"Sex","Ka",0,0.853605187266861
"WorkFlow","FM",74,"Sex","V",0,4.298164756077
"WorkFlow","FM",74,"Sex","Cl",0,1.76242291695239
"WorkFlow","FM",75,"Sex","Ka",1,0.908254586818678
"WorkFlow","FM",75,"Sex","V",1,4.42388407307274
"WorkFlow","FM",75,"Sex","Cl",1,1.74105125460489
"WorkFlow","FM",76,"Sex","Ka",1,0.747638339046599
"WorkFlow","FM",76,"Sex","V",1,3.99342645788806
"WorkFlow","FM",76,"Sex","Cl",1,1.68410894490704
"WorkFlow","FM",77,"Sex","Ka",0,0.827621647253179
"WorkFlow","FM",77,"Sex","V",0,4.49659035169757
"WorkFlow","FM",77,"Sex","Cl",0,1.40285460993981
"WorkFlow","FM",78,"Sex","Ka",0,0.71507084093043
"WorkFlow","FM",78,"Sex","V",0,4.95412486373585
"WorkFlow","FM",78,"Sex","Cl",0,1.39848783677477
"WorkFlow","FM",79,"Sex","Ka",0,0.767207635694114
"WorkFlow","FM",79,"Sex","V",0,4.84740432398879
"WorkFlow","FM",79,"Sex","Cl",0,1.92642787764519
"WorkFlow","FM",80,"Sex","Ka",1,0.755080733086836
"WorkFlow","FM",80,"Sex","V",1,4.26287667995964
"WorkFlow","FM",80,"Sex","Cl",1,1.74039367007794
"WorkFlow","FM",81,"Sex","Ka",0,0.79551435676271
"WorkFlow","FM",81,"Sex","V",0,4.67325017018106
"WorkFlow","FM",81,"Sex","Cl",0,1.45385319164448
"WorkFlow","FM",82,"Sex","Ka",1,0.780851275843733
"WorkFlow","FM",82,"Sex","V",1,4.34970326791774
"WorkFlow","FM",82,"Sex","Cl",1,1.7031631131494
"WorkFlow","FM",83,"Sex","Ka",1,0.847390851270655
"WorkFlow","FM",83,"Sex","V",1,4.8582460158048
"WorkFlow","FM",83,"Sex","Cl",1,1.79205388446195
"WorkFlow","FM",84,"Sex","Ka",1,0.738458675656025
"WorkFlow","FM",84,"Sex","V",1,4.5733910430831
"WorkFlow","FM",84,"Sex","Cl",1,1.6563401052806
"WorkFlow","FM",85,"Sex","Ka",0,0.855646757922157
"WorkFlow","FM",85,"Sex","V",0,4.30828504692386
"WorkFlow","FM",85,"Sex","Cl",0,1.66022465879263
"WorkFlow","FM",86,"Sex","Ka",0,0.660615432082055
"WorkFlow","FM",86,"Sex","V",0,4.40248192875569
"WorkFlow","FM",86,"Sex","Cl",0,1.62602800021959
"WorkFlow","FM",87,"Sex","Ka",1,0.824467874648399
"WorkFlow","FM",87,"Sex","V",1,3.63331965768963
"WorkFlow","FM",87,"Sex","Cl",1,1.65366257229183
"WorkFlow","FM",88,"Sex","Ka",1,0.761541169782906
"WorkFlow","FM",88,"Sex","V",1,3.88144602827543
"WorkFlow","FM",88,"Sex","Cl",1,1.59116733073442
"WorkFlow","FM",89,"Sex","Ka",1,0.881125149632752
"WorkFlow","FM",89,"Sex","V",1,5.4280183736087
"WorkFlow","FM",89,"Sex","Cl",1,1.38119999641296
"WorkFlow","FM",90,"Sex","Ka",0,0.866086155030023
"WorkFlow","FM",90,"Sex","V",0,4.69037699734699
"WorkFlow","FM",90,"Sex","Cl",0,1.87229295502605
"WorkFlow","FM",91,"Sex","Ka",0,0.874787534425875
"WorkFlow","FM",91,"Sex","V",0,4.2546118418326
"WorkFlow","FM",91,"Sex","Cl",0,1.51848459657904
"WorkFlow","FM",92,"Sex","Ka",1,0.796467281221063
"WorkFlow","FM",92,"Sex","V",1,3.76271876143015
"WorkFlow","FM",92,"Sex","Cl",1,1.72033466344078
"WorkFlow","FM",93,"Sex","Ka",1,0.732351137249691
"WorkFlow","FM",93,"Sex","V",1,4.27296265259803
"WorkFlow","FM",93,"Sex","Cl",1,1.58226997479809
"WorkFlow","FM",94,"Sex","Ka",0,0.750521085529054
"WorkFlow","FM",94,"Sex","V",0,4.76679936325304
"WorkFlow","FM",94,"Sex","Cl",0,1.22873796557658
"WorkFlow","FM",95,"Sex","Ka",0,0.762838248750344
"WorkFlow","FM",95,"Sex","V",0,4.23492151142553
"WorkFlow","FM",95,"Sex","Cl",0,1.31998189434385
"WorkFlow","FM",96,"Sex","Ka",1,0.697219314099228
"WorkFlow","FM",96,"Sex","V",1,4.54541733383485
"WorkFlow","FM",96,"Sex","Cl",1,1.72157584923302
"WorkFlow","FM",97,"Sex","Ka",0,0.728860566889816
"WorkFlow","FM",97,"Sex","V",0,4.88596489099715
"WorkFlow","FM",97,"Sex","Cl",0,1.67000192536108
"WorkFlow","FM",98,"Sex","Ka",1,0.826462863774139
"WorkFlow","FM",98,"Sex","V",1,4.64803075762341
"WorkFlow","FM",98,"Sex","Cl",1,1.50782942878492
"WorkFlow","FM",99,"Sex","Ka",1,0.888277022863171
"WorkFlow","FM",99,"Sex","V",1,3.98888974062111
"WorkFlow","FM",99,"Sex","Cl",1,1.48280154005351
"WorkFlow","SM",0,"Sex","Ka",1,0.769252177108209
"WorkFlow","SM",0,"Sex","V",1,4.3529443370257
"WorkFlow","SM",0,"Sex","Cl",1,0.698334871657631
"WorkFlow","SM",1,"Sex","Ka",1,0.830433749381428
"WorkFlow","SM",1,"Sex","V",1,5.10483771412449
"WorkFlow","SM",1,"Sex","Cl",1,0.652012996858155
"WorkFlow","SM",2,"Sex","Ka",0,0.805174375798134
"WorkFlow","SM",2,"Sex","V",0,4.45221349650336
"WorkFlow","SM",2,"Sex","Cl",0,0.786702654030393
"WorkFlow","SM",3,"Sex","Ka",0,0.820210504248941
"WorkFlow","SM",3,"Sex","V",0,4.72561977846352
"WorkFlow","SM",3,"Sex","Cl",0,0.689882526248033
"WorkFlow","SM",4,"Sex","Ka",1,0.774862816934977
"WorkFlow","SM",4,"Sex","V",1,4.44039774405055
"WorkFlow","SM",4,"Sex","Cl",1,0.691141823676366
"WorkFlow","SM",5,"Sex","Ka",1,0.697795982548704
"WorkFlow","SM",5,"Sex","V",1,5.72141278242491
"WorkFlow","SM",5,"Sex","Cl",1,0.700842554484878
"WorkFlow","SM",6,"Sex","Ka",1,0.730524842280893
"WorkFlow","SM",6,"Sex","V",1,5.40564167883608
"WorkFlow","SM",6,"Sex","Cl",1,0.718293554606885
"WorkFlow","SM",7,"Sex","Ka",1,0.749796286895669
"WorkFlow","SM",7,"Sex","V",1,5.36409582280253
"WorkFlow","SM",7,"Sex","Cl",1,0.785726878814537
"WorkFlow","SM",8,"Sex","Ka",1,0.7664901480628
"WorkFlow","SM",8,"Sex","V",1,4.70612125138785
"WorkFlow","SM",8,"Sex","Cl",1,0.708130013907467
"WorkFlow","SM",9,"Sex","Ka",1,0.845694727914305
"WorkFlow","SM",9,"Sex","V",1,4.45641125911434
"WorkFlow","SM",9,"Sex","Cl",1,0.889514000917936
"WorkFlow","SM",10,"Sex","Ka",1,0.79886861967054
"WorkFlow","SM",10,"Sex","V",1,4.15859396711022
"WorkFlow","SM",10,"Sex","Cl",1,0.738661540383528
"WorkFlow","SM",11,"Sex","Ka",1,0.834573296507665
"WorkFlow","SM",11,"Sex","V",1,4.45426929569339
"WorkFlow","SM",11,"Sex","Cl",1,0.760455769197587
"WorkFlow","SM",12,"Sex","Ka",1,0.81127962510142
"WorkFlow","SM",12,"Sex","V",1,4.13499862038889
"WorkFlow","SM",12,"Sex","Cl",1,0.774950921363954
"WorkFlow","SM",13,"Sex","Ka",0,0.747422216669057
"WorkFlow","SM",13,"Sex","V",0,4.75498060706716
"WorkFlow","SM",13,"Sex","Cl",0,0.831411624007879
"WorkFlow","SM",14,"Sex","Ka",0,0.8159631875977
"WorkFlow","SM",14,"Sex","V",0,4.225949942719
"WorkFlow","SM",14,"Sex","Cl",0,0.806632775496336
"WorkFlow","SM",15,"Sex","Ka",1,0.846716113082556
"WorkFlow","SM",15,"Sex","V",1,4.515282648892
"WorkFlow","SM",15,"Sex","Cl",1,0.733739977474559
"WorkFlow","SM",16,"Sex","Ka",1,0.750150247278427
"WorkFlow","SM",16,"Sex","V",1,4.97877065250768
"WorkFlow","SM",16,"Sex","Cl",1,0.55465101883794
"WorkFlow","SM",17,"Sex","Ka",1,0.839962499392434
"WorkFlow","SM",17,"Sex","V",1,4.69797518687461
"WorkFlow","SM",17,"Sex","Cl",1,0.659921522564897
"WorkFlow","SM",18,"Sex","Ka",0,0.966221404297675
"WorkFlow","SM",18,"Sex","V",0,4.2869510747939
"WorkFlow","SM",18,"Sex","Cl",0,0.633254254502518
"WorkFlow","SM",19,"Sex","Ka",0,0.814323099159072
"WorkFlow","SM",19,"Sex","V",0,4.32263545192674
"WorkFlow","SM",19,"Sex","Cl",0,0.684164882201113
"WorkFlow","SM",20,"Sex","Ka",1,0.79750053397465
"WorkFlow","SM",20,"Sex","V",1,4.24785255810085
"WorkFlow","SM",20,"Sex","Cl",1,0.638464001362682
"WorkFlow","SM",21,"Sex","Ka",1,0.832642768650295
"WorkFlow","SM",21,"Sex","V",1,5.50245255531097
"WorkFlow","SM",21,"Sex","Cl",1,0.787199651662508
"WorkFlow","SM",22,"Sex","Ka",1,0.812701082936451
"WorkFlow","SM",22,"Sex","V",1,5.40363816603045
"WorkFlow","SM",22,"Sex","Cl",1,0.733555969074574
"WorkFlow","SM",23,"Sex","Ka",0,0.860994586904312
"WorkFlow","SM",23,"Sex","V",0,4.48481587507628
"WorkFlow","SM",23,"Sex","Cl",0,0.735419654065341
"WorkFlow","SM",24,"Sex","Ka",1,0.807654952566211
"WorkFlow","SM",24,"Sex","V",1,4.1445259911226
"WorkFlow","SM",24,"Sex","Cl",1,0.745234782697111
"WorkFlow","SM",25,"Sex","Ka",1,0.688749604462697
"WorkFlow","SM",25,"Sex","V",1,3.98152110022915
"WorkFlow","SM",25,"Sex","Cl",1,0.690584306760944
"WorkFlow","SM",26,"Sex","Ka",0,0.815495309701962
"WorkFlow","SM",26,"Sex","V",0,4.82998408382521
"WorkFlow","SM",26,"Sex","Cl",0,0.585538477447998
"WorkFlow","SM",27,"Sex","Ka",1,0.738190809613113
"WorkFlow","SM",27,"Sex","V",1,4.48609060529066
"WorkFlow","SM",27,"Sex","Cl",1,0.575957451433239
"WorkFlow","SM",28,"Sex","Ka",0,0.782485672005555
"WorkFlow","SM",28,"Sex","V",0,4.56828327373032
"WorkFlow","SM",28,"Sex","Cl",0,0.785879528061462
"WorkFlow","SM",29,"Sex","Ka",0,0.785067442346247
"WorkFlow","SM",29,"Sex","V",0,4.6853314665814
"WorkFlow","SM",29,"Sex","Cl",0,0.768850905535126
"WorkFlow","SM",30,"Sex","Ka",1,0.802539905483115
"WorkFlow","SM",30,"Sex","V",1,4.77438076959255
"WorkFlow","SM",30,"Sex","Cl",1,0.661200385001731
"WorkFlow","SM",31,"Sex","Ka",1,0.734768525593112
"WorkFlow","SM",31,"Sex","V",1,4.67194579613916
"WorkFlow","SM",31,"Sex","Cl",1,0.664801315905639
"WorkFlow","SM",32,"Sex","Ka",0,0.786216527033834
"WorkFlow","SM",32,"Sex","V",0,4.520511328094
"WorkFlow","SM",32,"Sex","Cl",0,0.695262558889384
"WorkFlow","SM",33,"Sex","Ka",1,0.793969904444461
"WorkFlow","SM",33,"Sex","V",1,4.34087216852406
"WorkFlow","SM",33,"Sex","Cl",1,0.738804371581991
"WorkFlow","SM",34,"Sex","Ka",1,0.836598274730303
"WorkFlow","SM",34,"Sex","V",1,4.48117274807839
"WorkFlow","SM",34,"Sex","Cl",1,0.779890986102069
"WorkFlow","SM",35,"Sex","Ka",0,0.752389611839975
"WorkFlow","SM",35,"Sex","V",0,4.60526661436207
"WorkFlow","SM",35,"Sex","Cl",0,0.716964648976142
"WorkFlow","SM",36,"Sex","Ka",1,0.847326275082179
"WorkFlow","SM",36,"Sex","V",1,4.25443336381707
"WorkFlow","SM",36,"Sex","Cl",1,0.600305700905952
"WorkFlow","SM",37,"Sex","Ka",1,0.768443126888508
"WorkFlow","SM",37,"Sex","V",1,4.71027718102874
"WorkFlow","SM",37,"Sex","Cl",1,0.745755490635794
"WorkFlow","SM",38,"Sex","Ka",0,0.737968087186252
"WorkFlow","SM",38,"Sex","V",0,3.98789152518939
"WorkFlow","SM",38,"Sex","Cl",0,0.642357376320058
"WorkFlow","SM",39,"Sex","Ka",1,0.834915914511386
"WorkFlow","SM",39,"Sex","V",1,3.8223451773869
"WorkFlow","SM",39,"Sex","Cl",1,0.677687855949909
"WorkFlow","SM",40,"Sex","Ka",1,0.773476313616399
"WorkFlow","SM",40,"Sex","V",1,4.95880236397636
"WorkFlow","SM",40,"Sex","Cl",1,0.808273390744298
"WorkFlow","SM",41,"Sex","Ka",1,0.902947719842551
"WorkFlow","SM",41,"Sex","V",1,4.63410703484594
"WorkFlow","SM",41,"Sex","Cl",1,0.714881165447383
"WorkFlow","SM",42,"Sex","Ka",0,0.838632002361007
"WorkFlow","SM",42,"Sex","V",0,4.0723465076045
"WorkFlow","SM",42,"Sex","Cl",0,0.626158102348149
"WorkFlow","SM",43,"Sex","Ka",1,0.922595419055792
"WorkFlow","SM",43,"Sex","V",1,4.10862272839089
"WorkFlow","SM",43,"Sex","Cl",1,0.603848519644629
"WorkFlow","SM",44,"Sex","Ka",1,0.90308019532918
"WorkFlow","SM",44,"Sex","V",1,4.51997422819886
"WorkFlow","SM",44,"Sex","Cl",1,0.67903238486799
"WorkFlow","SM",45,"Sex","Ka",1,0.865266998172492
"WorkFlow","SM",45,"Sex","V",1,4.6549768273212
"WorkFlow","SM",45,"Sex","Cl",1,0.722585750823503
"WorkFlow","SM",46,"Sex","Ka",1,0.731186108160711
"WorkFlow","SM",46,"Sex","V",1,5.25680950890011
"WorkFlow","SM",46,"Sex","Cl",1,0.654441264134347
"WorkFlow","SM",47,"Sex","Ka",0,0.789095548410462
"WorkFlow","SM",47,"Sex","V",0,4.43304117485823
"WorkFlow","SM",47,"Sex","Cl",0,0.723165406624385
"WorkFlow","SM",48,"Sex","Ka",1,0.811162522333894
"WorkFlow","SM",48,"Sex","V",1,3.60854854726492
"WorkFlow","SM",48,"Sex","Cl",1,0.645534198057149
"WorkFlow","SM",49,"Sex","Ka",0,0.867956178035584
"WorkFlow","SM",49,"Sex","V",0,4.3828497175091
"WorkFlow","SM",49,"Sex","Cl",0,0.907885980049744
"WorkFlow","SM",50,"Sex","Ka",1,0.768768906286492
"WorkFlow","SM",50,"Sex","V",1,5.06521103091507
"WorkFlow","SM",50,"Sex","Cl",1,0.707387572527576
"WorkFlow","SM",51,"Sex","Ka",0,0.774504630099208
"WorkFlow","SM",51,"Sex","V",0,3.89881874778714
"WorkFlow","SM",51,"Sex","Cl",0,0.667935494197588
"WorkFlow","SM",52,"Sex","Ka",0,0.767101813247226
"WorkFlow","SM",52,"Sex","V",0,4.54829048541093
"WorkFlow","SM",52,"Sex","Cl",0,0.604308883461782
"WorkFlow","SM",53,"Sex","Ka",1,0.784914933830065
"WorkFlow","SM",53,"Sex","V",1,4.27200793715352
"WorkFlow","SM",53,"Sex","Cl",1,0.73131406441072
"WorkFlow","SM",54,"Sex","Ka",1,0.856643713746702
"WorkFlow","SM",54,"Sex","V",1,4.50124208678941
"WorkFlow","SM",54,"Sex","Cl",1,0.695803583370719
"WorkFlow","SM",55,"Sex","Ka",1,0.774271275945732
"WorkFlow","SM",55,"Sex","V",1,4.68980445075527
"WorkFlow","SM",55,"Sex","Cl",1,0.685657310014974
"WorkFlow","SM",56,"Sex","Ka",0,0.878992959500765
"WorkFlow","SM",56,"Sex","V",0,4.29225099446425
"WorkFlow","SM",56,"Sex","Cl",0,0.617818154910223
"WorkFlow","SM",57,"Sex","Ka",1,0.864642098404682
"WorkFlow","SM",57,"Sex","V",1,4.88913578202308
"WorkFlow","SM",57,"Sex","Cl",1,0.740159457313144
"WorkFlow","SM",58,"Sex","Ka",1,0.830417958783459
"WorkFlow","SM",58,"Sex","V",1,4.50797501564957
"WorkFlow","SM",58,"Sex","Cl",1,0.890419950192954
"WorkFlow","SM",59,"Sex","Ka",1,0.777647711909527
"WorkFlow","SM",59,"Sex","V",1,5.08956327976458
"WorkFlow","SM",59,"Sex","Cl",1,0.648797449027021
"WorkFlow","SM",60,"Sex","Ka",0,0.768050260058819
"WorkFlow","SM",60,"Sex","V",0,4.68541785784183
"WorkFlow","SM",60,"Sex","Cl",0,0.658401384926361
"WorkFlow","SM",61,"Sex","Ka",0,0.879326287759238
"WorkFlow","SM",61,"Sex","V",0,4.86773018340452
"WorkFlow","SM",61,"Sex","Cl",0,0.7900119657324
"WorkFlow","SM",62,"Sex","Ka",1,0.774499597156704
"WorkFlow","SM",62,"Sex","V",1,4.78047719200113
"WorkFlow","SM",62,"Sex","Cl",1,0.677368522158278
"WorkFlow","SM",63,"Sex","Ka",1,0.823623212802045
"WorkFlow","SM",63,"Sex","V",1,4.87233815380832
"WorkFlow","SM",63,"Sex","Cl",1,0.679206428758174
"WorkFlow","SM",64,"Sex","Ka",1,0.742831329609003
"WorkFlow","SM",64,"Sex","V",1,4.72332529881736
"WorkFlow","SM",64,"Sex","Cl",1,0.675221537567556
"WorkFlow","SM",65,"Sex","Ka",0,0.766844434468491
"WorkFlow","SM",65,"Sex","V",0,4.64915248056658
"WorkFlow","SM",65,"Sex","Cl",0,0.727135250130685
"WorkFlow","SM",66,"Sex","Ka",0,0.703442592999046
"WorkFlow","SM",66,"Sex","V",0,5.53737755157764
"WorkFlow","SM",66,"Sex","Cl",0,0.779676307554906
"WorkFlow","SM",67,"Sex","Ka",1,0.791395516277999
"WorkFlow","SM",67,"Sex","V",1,4.49264473650018
"WorkFlow","SM",67,"Sex","Cl",1,0.584094582060057
"WorkFlow","SM",68,"Sex","Ka",1,0.817736575755376
"WorkFlow","SM",68,"Sex","V",1,4.56736186223531
"WorkFlow","SM",68,"Sex","Cl",1,0.59551410477133
"WorkFlow","SM",69,"Sex","Ka",1,0.786098997676516
"WorkFlow","SM",69,"Sex","V",1,4.13272883040625
"WorkFlow","SM",69,"Sex","Cl",1,0.708611674163737
"WorkFlow","SM",70,"Sex","Ka",1,0.811190636069887
"WorkFlow","SM",70,"Sex","V",1,5.12706490857297
"WorkFlow","SM",70,"Sex","Cl",1,0.670656310594747
"WorkFlow","SM",71,"Sex","Ka",1,0.872470808655285
"WorkFlow","SM",71,"Sex","V",1,4.5284720829746
"WorkFlow","SM",71,"Sex","Cl",1,0.67693722472142
"WorkFlow","SM",72,"Sex","Ka",1,0.742117938176126
"WorkFlow","SM",72,"Sex","V",1,5.33104731595317
"WorkFlow","SM",72,"Sex","Cl",1,0.630013225959041
"WorkFlow","SM",73,"Sex","Ka",1,0.787604563392719
"WorkFlow","SM",73,"Sex","V",1,4.62104518172128
"WorkFlow","SM",73,"Sex","Cl",1,0.695919821318439
"WorkFlow","SM",74,"Sex","Ka",0,0.833405067031981
"WorkFlow","SM",74,"Sex","V",0,4.56359595482785
"WorkFlow","SM",74,"Sex","Cl",0,0.770989066898329
"WorkFlow","SM",75,"Sex","Ka",1,0.879537445853126
"WorkFlow","SM",75,"Sex","V",1,4.59785223624073
"WorkFlow","SM",75,"Sex","Cl",1,0.741896939239621
"WorkFlow","SM",76,"Sex","Ka",1,0.77798440615785
"WorkFlow","SM",76,"Sex","V",1,4.29457860325686
"WorkFlow","SM",76,"Sex","Cl",1,0.745846351477171
"WorkFlow","SM",77,"Sex","Ka",0,0.826419803722817
"WorkFlow","SM",77,"Sex","V",0,4.71876101121906
"WorkFlow","SM",77,"Sex","Cl",0,0.609517537862092
"WorkFlow","SM",78,"Sex","Ka",0,0.722008312195767
"WorkFlow","SM",78,"Sex","V",0,5.22904954558933
"WorkFlow","SM",78,"Sex","Cl",0,0.599179779573781
"WorkFlow","SM",79,"Sex","Ka",0,0.778907578324446
"WorkFlow","SM",79,"Sex","V",0,5.27691797413122
"WorkFlow","SM",79,"Sex","Cl",0,0.832765473454117
"WorkFlow","SM",80,"Sex","Ka",1,0.737900243444293
"WorkFlow","SM",80,"Sex","V",1,4.48042114307175
"WorkFlow","SM",80,"Sex","Cl",1,0.743816729566086
"WorkFlow","SM",81,"Sex","Ka",0,0.797179785342787
"WorkFlow","SM",81,"Sex","V",0,4.92774380247431
"WorkFlow","SM",81,"Sex","Cl",0,0.629609562755483
"WorkFlow","SM",82,"Sex","Ka",1,0.783227662157166
"WorkFlow","SM",82,"Sex","V",1,4.55940422242422
"WorkFlow","SM",82,"Sex","Cl",1,0.723783707290893
"WorkFlow","SM",83,"Sex","Ka",1,0.822700899322934
"WorkFlow","SM",83,"Sex","V",1,5.06822667999015
"WorkFlow","SM",83,"Sex","Cl",1,0.776787976497424
"WorkFlow","SM",84,"Sex","Ka",1,0.746906907712434
"WorkFlow","SM",84,"Sex","V",1,4.81716377712327
"WorkFlow","SM",84,"Sex","Cl",1,0.72117060990739
"WorkFlow","SM",85,"Sex","Ka",0,0.848411172692021
"WorkFlow","SM",85,"Sex","V",0,4.5249408603552
"WorkFlow","SM",85,"Sex","Cl",0,0.71370375691201
"WorkFlow","SM",86,"Sex","Ka",0,0.679718324915848
"WorkFlow","SM",86,"Sex","V",0,4.72275559839295
"WorkFlow","SM",86,"Sex","Cl",0,0.696384049722776
"WorkFlow","SM",87,"Sex","Ka",1,0.864665006148231
"WorkFlow","SM",87,"Sex","V",1,3.91274296931967
"WorkFlow","SM",87,"Sex","Cl",1,0.723952630601924
"WorkFlow","SM",88,"Sex","Ka",1,0.770689372088724
"WorkFlow","SM",88,"Sex","V",1,4.12675069091292
"WorkFlow","SM",88,"Sex","Cl",1,0.693009879204855
"WorkFlow","SM",89,"Sex","Ka",1,0.877440652534762
"WorkFlow","SM",89,"Sex","V",1,5.65524916408882
"WorkFlow","SM",89,"Sex","Cl",1,0.603805559692645
"WorkFlow","SM",90,"Sex","Ka",0,0.842419486547385
"WorkFlow","SM",90,"Sex","V",0,4.97303332826315
"WorkFlow","SM",90,"Sex","Cl",0,0.813717165557776
"WorkFlow","SM",91,"Sex","Ka",0,0.866769323615279
"WorkFlow","SM",91,"Sex","V",0,4.4754158034954
"WorkFlow","SM",91,"Sex","Cl",0,0.662419917868723
"WorkFlow","SM",92,"Sex","Ka",1,0.809607217497872
"WorkFlow","SM",92,"Sex","V",1,3.97708909952444
"WorkFlow","SM",92,"Sex","Cl",1,0.747034800597282
"WorkFlow","SM",93,"Sex","Ka",1,0.730100635464831
"WorkFlow","SM",93,"Sex","V",1,4.46014809259716
"WorkFlow","SM",93,"Sex","Cl",1,0.687857775090165
"WorkFlow","SM",94,"Sex","Ka",0,0.753405376045521
"WorkFlow","SM",94,"Sex","V",0,4.99495119717072
"WorkFlow","SM",94,"Sex","Cl",0,0.523744167790227
"WorkFlow","SM",95,"Sex","Ka",0,0.778455515501925
"WorkFlow","SM",95,"Sex","V",0,4.48405062500142
"WorkFlow","SM",95,"Sex","Cl",0,0.564348460122189
"WorkFlow","SM",96,"Sex","Ka",1,0.707481562244718
"WorkFlow","SM",96,"Sex","V",1,4.80891836047104
"WorkFlow","SM",96,"Sex","Cl",1,0.725683791961281
"WorkFlow","SM",97,"Sex","Ka",0,0.715610408478989
"WorkFlow","SM",97,"Sex","V",0,5.12294211422165
"WorkFlow","SM",97,"Sex","Cl",0,0.704965188708115
"WorkFlow","SM",98,"Sex","Ka",1,0.827580162324755
"WorkFlow","SM",98,"Sex","V",1,4.85554835082545
"WorkFlow","SM",98,"Sex","Cl",1,0.653731154291142
"WorkFlow","SM",99,"Sex","Ka",1,0.890962372229005
"WorkFlow","SM",99,"Sex","V",1,4.19359019738161
"WorkFlow","SM",99,"Sex","Cl",1,0.64691578013319
